// Jest Snapshot v1, https://goo.gl/fbAQLP

exports[`ConnectedInfoSection renders without crashing 1`] = `
<Container
  className="info-section"
  fluid={false}
>
  <Bootstrap(Row)>
    <Col>
      <Title
        betType=""
        text=""
      />
    </Col>
  </Bootstrap(Row)>
  <Bootstrap(Row)>
    <Col
      md={6}
      xs={12}
    >
      0
    </Col>
    <Col
      md={6}
      xs={12}
    >
      0
    </Col>
  </Bootstrap(Row)>
</Container>
`;

exports[`Title renders without crashing 1`] = `
<Alert
  closeLabel="Close alert"
  show={true}
  transition={[Function]}
  variant="info"
>
  <h2>
    You can search for a Game now
  </h2>
</Alert>
`;
